mode: set
github.com/lmzuccarelli/golang-mirror-worker/pkg/batch/worker.go:29.18,31.2 1 1
github.com/lmzuccarelli/golang-mirror-worker/pkg/batch/worker.go:49.65,57.23 6 1
github.com/lmzuccarelli/golang-mirror-worker/pkg/batch/worker.go:57.23,59.3 1 0
github.com/lmzuccarelli/golang-mirror-worker/pkg/batch/worker.go:59.8,61.3 1 1
github.com/lmzuccarelli/golang-mirror-worker/pkg/batch/worker.go:63.2,72.31 7 1
github.com/lmzuccarelli/golang-mirror-worker/pkg/batch/worker.go:72.31,75.17 2 1
github.com/lmzuccarelli/golang-mirror-worker/pkg/batch/worker.go:75.17,77.4 1 1
github.com/lmzuccarelli/golang-mirror-worker/pkg/batch/worker.go:78.3,80.36 3 1
github.com/lmzuccarelli/golang-mirror-worker/pkg/batch/worker.go:80.36,85.77 4 1
github.com/lmzuccarelli/golang-mirror-worker/pkg/batch/worker.go:85.77,88.19 3 1
github.com/lmzuccarelli/golang-mirror-worker/pkg/batch/worker.go:88.19,90.6 1 0
github.com/lmzuccarelli/golang-mirror-worker/pkg/batch/worker.go:93.3,95.23 2 1
github.com/lmzuccarelli/golang-mirror-worker/pkg/batch/worker.go:95.23,97.4 1 1
github.com/lmzuccarelli/golang-mirror-worker/pkg/batch/worker.go:98.3,99.18 2 1
github.com/lmzuccarelli/golang-mirror-worker/pkg/batch/worker.go:99.18,101.4 1 1
github.com/lmzuccarelli/golang-mirror-worker/pkg/batch/worker.go:102.3,102.24 1 1
github.com/lmzuccarelli/golang-mirror-worker/pkg/batch/worker.go:102.24,103.33 1 0
github.com/lmzuccarelli/golang-mirror-worker/pkg/batch/worker.go:103.33,105.5 1 0
github.com/lmzuccarelli/golang-mirror-worker/pkg/batch/worker.go:106.4,106.72 1 0
github.com/lmzuccarelli/golang-mirror-worker/pkg/batch/worker.go:109.2,109.21 1 1
github.com/lmzuccarelli/golang-mirror-worker/pkg/batch/worker.go:109.21,114.17 4 0
github.com/lmzuccarelli/golang-mirror-worker/pkg/batch/worker.go:114.17,116.4 1 0
github.com/lmzuccarelli/golang-mirror-worker/pkg/batch/worker.go:118.3,118.27 1 0
github.com/lmzuccarelli/golang-mirror-worker/pkg/batch/worker.go:118.27,120.4 1 0
github.com/lmzuccarelli/golang-mirror-worker/pkg/batch/worker.go:121.3,121.60 1 0
github.com/lmzuccarelli/golang-mirror-worker/pkg/batch/worker.go:123.2,123.12 1 1
github.com/lmzuccarelli/golang-mirror-worker/pkg/batch/worker.go:127.78,129.24 2 0
github.com/lmzuccarelli/golang-mirror-worker/pkg/batch/worker.go:129.24,130.43 1 0
github.com/lmzuccarelli/golang-mirror-worker/pkg/batch/worker.go:130.43,134.28 4 0
github.com/lmzuccarelli/golang-mirror-worker/pkg/batch/worker.go:134.28,135.19 1 0
github.com/lmzuccarelli/golang-mirror-worker/pkg/batch/worker.go:135.19,138.6 1 0
github.com/lmzuccarelli/golang-mirror-worker/pkg/log/logger.go:26.49,28.2 1 1
github.com/lmzuccarelli/golang-mirror-worker/pkg/log/logger.go:31.65,33.2 1 1
github.com/lmzuccarelli/golang-mirror-worker/pkg/log/logger.go:36.64,38.2 1 1
github.com/lmzuccarelli/golang-mirror-worker/pkg/log/logger.go:41.65,43.2 1 1
github.com/lmzuccarelli/golang-mirror-worker/pkg/log/logger.go:46.65,48.2 1 1
github.com/lmzuccarelli/golang-mirror-worker/pkg/log/logger.go:51.64,53.2 1 1
github.com/lmzuccarelli/golang-mirror-worker/pkg/log/logger.go:56.47,58.2 1 0
github.com/lmzuccarelli/golang-mirror-worker/pkg/validator/validate.go:13.71,17.27 4 1
github.com/lmzuccarelli/golang-mirror-worker/pkg/validator/validate.go:17.27,18.15 1 1
github.com/lmzuccarelli/golang-mirror-worker/pkg/validator/validate.go:18.15,21.4 2 1
github.com/lmzuccarelli/golang-mirror-worker/pkg/validator/validate.go:22.3,22.53 1 0
github.com/lmzuccarelli/golang-mirror-worker/pkg/validator/validate.go:24.2,24.12 1 1
github.com/lmzuccarelli/golang-mirror-worker/pkg/validator/validate.go:29.62,35.23 2 1
github.com/lmzuccarelli/golang-mirror-worker/pkg/validator/validate.go:35.23,36.51 1 1
github.com/lmzuccarelli/golang-mirror-worker/pkg/validator/validate.go:36.51,38.4 1 1
github.com/lmzuccarelli/golang-mirror-worker/pkg/validator/validate.go:40.2,40.12 1 1
github.com/lmzuccarelli/golang-mirror-worker/pkg/handlers/handlers.go:24.91,32.72 3 1
github.com/lmzuccarelli/golang-mirror-worker/pkg/handlers/handlers.go:32.72,34.15 2 1
github.com/lmzuccarelli/golang-mirror-worker/pkg/handlers/handlers.go:34.15,36.4 1 0
github.com/lmzuccarelli/golang-mirror-worker/pkg/handlers/handlers.go:37.8,43.3 5 0
github.com/lmzuccarelli/golang-mirror-worker/pkg/handlers/handlers.go:46.2,46.19 1 1
github.com/lmzuccarelli/golang-mirror-worker/pkg/handlers/handlers.go:46.19,48.3 1 1
github.com/lmzuccarelli/golang-mirror-worker/pkg/handlers/handlers.go:49.2,50.16 2 1
github.com/lmzuccarelli/golang-mirror-worker/pkg/handlers/handlers.go:50.16,55.3 4 1
github.com/lmzuccarelli/golang-mirror-worker/pkg/handlers/handlers.go:58.2,59.17 2 1
github.com/lmzuccarelli/golang-mirror-worker/pkg/handlers/handlers.go:59.17,64.3 4 1
github.com/lmzuccarelli/golang-mirror-worker/pkg/handlers/handlers.go:68.2,76.32 7 1
github.com/lmzuccarelli/golang-mirror-worker/pkg/handlers/handlers.go:80.54,83.2 2 1
github.com/lmzuccarelli/golang-mirror-worker/pkg/handlers/handlers.go:86.57,92.2 4 1
github.com/lmzuccarelli/golang-mirror-worker/pkg/handlers/handlers.go:95.93,98.27 3 1
github.com/lmzuccarelli/golang-mirror-worker/pkg/handlers/handlers.go:98.27,100.3 1 0
github.com/lmzuccarelli/golang-mirror-worker/pkg/handlers/handlers.go:101.2,104.10 4 1
github.com/lmzuccarelli/golang-mirror-worker/pkg/handlers/handlers.go:108.107,112.16 4 1
github.com/lmzuccarelli/golang-mirror-worker/pkg/handlers/handlers.go:112.16,114.3 1 0
github.com/lmzuccarelli/golang-mirror-worker/pkg/handlers/handlers.go:115.2,116.38 2 1
github.com/lmzuccarelli/golang-mirror-worker/pkg/handlers/handlers.go:116.38,118.3 1 1
github.com/lmzuccarelli/golang-mirror-worker/pkg/handlers/handlers.go:119.2,119.64 1 0
github.com/lmzuccarelli/golang-mirror-worker/pkg/handlers/handlers.go:123.80,128.14 5 1
github.com/lmzuccarelli/golang-mirror-worker/pkg/handlers/handlers.go:128.14,130.3 1 0
github.com/lmzuccarelli/golang-mirror-worker/pkg/handlers/handlers.go:130.8,132.3 1 1
github.com/lmzuccarelli/golang-mirror-worker/pkg/handlers/handlers.go:134.2,137.16 3 1
github.com/lmzuccarelli/golang-mirror-worker/pkg/handlers/handlers.go:137.16,139.3 1 0
github.com/lmzuccarelli/golang-mirror-worker/pkg/handlers/handlers.go:140.2,141.50 2 1
github.com/lmzuccarelli/golang-mirror-worker/pkg/handlers/handlers.go:145.110,147.28 2 1
github.com/lmzuccarelli/golang-mirror-worker/pkg/handlers/handlers.go:147.28,152.61 4 1
github.com/lmzuccarelli/golang-mirror-worker/pkg/handlers/handlers.go:152.61,154.18 2 1
github.com/lmzuccarelli/golang-mirror-worker/pkg/handlers/handlers.go:154.18,156.5 1 1
github.com/lmzuccarelli/golang-mirror-worker/pkg/handlers/handlers.go:157.4,157.36 1 1
github.com/lmzuccarelli/golang-mirror-worker/pkg/handlers/handlers.go:158.9,160.102 1 0
github.com/lmzuccarelli/golang-mirror-worker/pkg/handlers/handlers.go:160.102,162.5 1 0
github.com/lmzuccarelli/golang-mirror-worker/pkg/handlers/handlers.go:162.10,164.5 1 0
github.com/lmzuccarelli/golang-mirror-worker/pkg/handlers/handlers.go:167.2,167.12 1 1
github.com/lmzuccarelli/golang-mirror-worker/pkg/mirror/mirror.go:48.76,50.2 1 1
github.com/lmzuccarelli/golang-mirror-worker/pkg/mirror/mirror.go:52.42,54.2 1 0
github.com/lmzuccarelli/golang-mirror-worker/pkg/mirror/mirror.go:56.46,58.2 1 0
github.com/lmzuccarelli/golang-mirror-worker/pkg/mirror/mirror.go:61.101,67.2 1 1
github.com/lmzuccarelli/golang-mirror-worker/pkg/mirror/mirror.go:69.133,71.2 1 0
github.com/lmzuccarelli/golang-mirror-worker/pkg/mirror/mirror.go:73.73,75.2 1 0
github.com/lmzuccarelli/golang-mirror-worker/pkg/mirror/mirror.go:78.93,84.75 3 1
github.com/lmzuccarelli/golang-mirror-worker/pkg/mirror/mirror.go:84.75,86.3 1 0
github.com/lmzuccarelli/golang-mirror-worker/pkg/mirror/mirror.go:88.2,89.16 2 1
github.com/lmzuccarelli/golang-mirror-worker/pkg/mirror/mirror.go:89.16,91.3 1 0
github.com/lmzuccarelli/golang-mirror-worker/pkg/mirror/mirror.go:92.2,92.15 1 1
github.com/lmzuccarelli/golang-mirror-worker/pkg/mirror/mirror.go:92.15,93.49 1 1
github.com/lmzuccarelli/golang-mirror-worker/pkg/mirror/mirror.go:93.49,96.4 1 0
github.com/lmzuccarelli/golang-mirror-worker/pkg/mirror/mirror.go:99.2,100.16 2 1
github.com/lmzuccarelli/golang-mirror-worker/pkg/mirror/mirror.go:100.16,102.3 1 0
github.com/lmzuccarelli/golang-mirror-worker/pkg/mirror/mirror.go:103.2,104.16 2 1
github.com/lmzuccarelli/golang-mirror-worker/pkg/mirror/mirror.go:104.16,106.3 1 0
github.com/lmzuccarelli/golang-mirror-worker/pkg/mirror/mirror.go:108.2,109.16 2 1
github.com/lmzuccarelli/golang-mirror-worker/pkg/mirror/mirror.go:109.16,111.3 1 0
github.com/lmzuccarelli/golang-mirror-worker/pkg/mirror/mirror.go:112.2,113.16 2 1
github.com/lmzuccarelli/golang-mirror-worker/pkg/mirror/mirror.go:113.16,115.3 1 0
github.com/lmzuccarelli/golang-mirror-worker/pkg/mirror/mirror.go:141.2,149.41 3 1
github.com/lmzuccarelli/golang-mirror-worker/pkg/mirror/mirror.go:149.41,151.3 1 0
github.com/lmzuccarelli/golang-mirror-worker/pkg/mirror/mirror.go:166.2,166.66 1 1
github.com/lmzuccarelli/golang-mirror-worker/pkg/mirror/mirror.go:166.66,168.3 1 0
github.com/lmzuccarelli/golang-mirror-worker/pkg/mirror/mirror.go:207.2,207.106 1 1
github.com/lmzuccarelli/golang-mirror-worker/pkg/mirror/mirror.go:207.106,209.3 1 0
github.com/lmzuccarelli/golang-mirror-worker/pkg/mirror/mirror.go:210.2,211.35 2 1
github.com/lmzuccarelli/golang-mirror-worker/pkg/mirror/mirror.go:211.35,213.17 2 1
github.com/lmzuccarelli/golang-mirror-worker/pkg/mirror/mirror.go:213.17,215.4 1 0
github.com/lmzuccarelli/golang-mirror-worker/pkg/mirror/mirror.go:216.3,216.17 1 1
github.com/lmzuccarelli/golang-mirror-worker/pkg/mirror/mirror.go:221.2,222.29 2 1
github.com/lmzuccarelli/golang-mirror-worker/pkg/mirror/mirror.go:222.29,224.17 2 0
github.com/lmzuccarelli/golang-mirror-worker/pkg/mirror/mirror.go:224.17,226.4 1 0
github.com/lmzuccarelli/golang-mirror-worker/pkg/mirror/mirror.go:230.2,250.45 3 1
github.com/lmzuccarelli/golang-mirror-worker/pkg/mirror/mirror.go:250.45,254.17 2 1
github.com/lmzuccarelli/golang-mirror-worker/pkg/mirror/mirror.go:254.17,256.4 1 0
github.com/lmzuccarelli/golang-mirror-worker/pkg/mirror/mirror.go:257.3,267.13 2 1
github.com/lmzuccarelli/golang-mirror-worker/pkg/mirror/options.go:36.76,41.16 1 0
github.com/lmzuccarelli/golang-mirror-worker/pkg/mirror/options.go:41.16,43.3 1 0
github.com/lmzuccarelli/golang-mirror-worker/pkg/mirror/options.go:45.2,45.62 1 0
github.com/lmzuccarelli/golang-mirror-worker/pkg/mirror/options.go:80.74,81.30 1 1
github.com/lmzuccarelli/golang-mirror-worker/pkg/mirror/options.go:81.30,83.3 1 0
github.com/lmzuccarelli/golang-mirror-worker/pkg/mirror/options.go:88.77,94.2 5 1
github.com/lmzuccarelli/golang-mirror-worker/pkg/mirror/options.go:103.62,108.2 4 1
github.com/lmzuccarelli/golang-mirror-worker/pkg/mirror/options.go:137.190,147.22 3 1
github.com/lmzuccarelli/golang-mirror-worker/pkg/mirror/options.go:147.22,150.3 1 1
github.com/lmzuccarelli/golang-mirror-worker/pkg/mirror/options.go:151.2,154.28 4 1
github.com/lmzuccarelli/golang-mirror-worker/pkg/mirror/options.go:154.28,159.3 2 1
github.com/lmzuccarelli/golang-mirror-worker/pkg/mirror/options.go:160.2,164.19 5 1
github.com/lmzuccarelli/golang-mirror-worker/pkg/mirror/options.go:168.184,176.2 6 1
github.com/lmzuccarelli/golang-mirror-worker/pkg/mirror/options.go:178.51,183.2 4 1
github.com/lmzuccarelli/golang-mirror-worker/pkg/mirror/options.go:186.81,189.25 3 1
github.com/lmzuccarelli/golang-mirror-worker/pkg/mirror/options.go:189.25,191.3 1 1
github.com/lmzuccarelli/golang-mirror-worker/pkg/mirror/options.go:191.8,191.34 1 0
github.com/lmzuccarelli/golang-mirror-worker/pkg/mirror/options.go:191.34,193.3 1 0
github.com/lmzuccarelli/golang-mirror-worker/pkg/mirror/options.go:193.8,195.3 1 0
github.com/lmzuccarelli/golang-mirror-worker/pkg/mirror/options.go:196.2,196.16 1 1
github.com/lmzuccarelli/golang-mirror-worker/pkg/mirror/options.go:196.16,198.3 1 0
github.com/lmzuccarelli/golang-mirror-worker/pkg/mirror/options.go:199.2,199.43 1 1
github.com/lmzuccarelli/golang-mirror-worker/pkg/mirror/options.go:204.90,206.41 2 1
github.com/lmzuccarelli/golang-mirror-worker/pkg/mirror/options.go:206.42,208.3 0 1
github.com/lmzuccarelli/golang-mirror-worker/pkg/mirror/options.go:209.2,209.29 1 1
github.com/lmzuccarelli/golang-mirror-worker/pkg/mirror/options.go:209.29,211.3 1 0
github.com/lmzuccarelli/golang-mirror-worker/pkg/mirror/options.go:212.2,212.20 1 1
github.com/lmzuccarelli/golang-mirror-worker/pkg/mirror/options.go:217.68,228.21 2 1
github.com/lmzuccarelli/golang-mirror-worker/pkg/mirror/options.go:228.21,230.3 1 1
github.com/lmzuccarelli/golang-mirror-worker/pkg/mirror/options.go:231.2,231.12 1 1
github.com/lmzuccarelli/golang-mirror-worker/pkg/mirror/options.go:236.76,245.52 7 1
github.com/lmzuccarelli/golang-mirror-worker/pkg/mirror/options.go:245.52,247.3 1 0
github.com/lmzuccarelli/golang-mirror-worker/pkg/mirror/options.go:248.2,248.85 1 1
github.com/lmzuccarelli/golang-mirror-worker/pkg/mirror/options.go:248.85,251.3 1 0
github.com/lmzuccarelli/golang-mirror-worker/pkg/mirror/options.go:252.2,252.30 1 1
github.com/lmzuccarelli/golang-mirror-worker/pkg/mirror/options.go:252.30,254.3 1 0
github.com/lmzuccarelli/golang-mirror-worker/pkg/mirror/options.go:255.2,255.30 1 1
github.com/lmzuccarelli/golang-mirror-worker/pkg/mirror/options.go:255.30,257.3 1 0
github.com/lmzuccarelli/golang-mirror-worker/pkg/mirror/options.go:258.2,258.48 1 1
github.com/lmzuccarelli/golang-mirror-worker/pkg/mirror/options.go:258.48,260.3 1 0
github.com/lmzuccarelli/golang-mirror-worker/pkg/mirror/options.go:261.2,261.45 1 1
github.com/lmzuccarelli/golang-mirror-worker/pkg/mirror/options.go:261.45,263.3 1 0
github.com/lmzuccarelli/golang-mirror-worker/pkg/mirror/options.go:264.2,264.59 1 1
github.com/lmzuccarelli/golang-mirror-worker/pkg/mirror/options.go:264.59,266.3 1 0
github.com/lmzuccarelli/golang-mirror-worker/pkg/mirror/options.go:268.2,268.56 1 1
github.com/lmzuccarelli/golang-mirror-worker/pkg/mirror/options.go:268.56,269.30 1 0
github.com/lmzuccarelli/golang-mirror-worker/pkg/mirror/options.go:269.30,271.4 1 0
github.com/lmzuccarelli/golang-mirror-worker/pkg/mirror/options.go:272.3,272.82 1 0
github.com/lmzuccarelli/golang-mirror-worker/pkg/mirror/options.go:295.2,295.17 1 1
github.com/lmzuccarelli/golang-mirror-worker/pkg/mirror/options.go:310.192,322.2 11 1
github.com/lmzuccarelli/golang-mirror-worker/pkg/mirror/unshare_linux.go:40.61,42.39 1 1
github.com/lmzuccarelli/golang-mirror-worker/pkg/mirror/unshare_linux.go:42.39,49.3 1 1
github.com/lmzuccarelli/golang-mirror-worker/pkg/mirror/unshare_linux.go:50.2,50.12 1 1
